Script started on 2026-03-22 18:31:05+05:30 [TERM="xterm-256color" TTY="/dev/pts/1" COLUMNS="94" LINES="31"]
[?2004h]0;parthivendra_singh@PS-Inspire: /media/Michi/Obsidian Vault/PS-Inspire/Semester 6/Sem 6 Code Workspace/learning-git-github[01;32mparthivendra_singh@PS-Inspire[00m:[01;34mlearning-git-github[00m$ clear
[?2004l[H[2J[3J[?2004h]0;parthivendra_singh@PS-Inspire: /media/Michi/Obsidian Vault/PS-Inspire/Semester 6/Sem 6 Code Workspace/learning-git-github[01;32mparthivendra_singh@PS-Inspire[00m:[01;34mlearning-git-github[00m$ git status
[?2004lOn branch main
Your branch is ahead of 'origin/main' by 1 commit.
  (use "git push" to publish your local commits)

Untracked files:
  (use "git add <file>..." to include in what will be committed)
	[31msession.txt[m

nothing added to commit but untracked files present (use "git add" to track)
[?2004h]0;parthivendra_singh@PS-Inspire: /media/Michi/Obsidian Vault/PS-Inspire/Semester 6/Sem 6 Code Workspace/learning-git-github[01;32mparthivendra_singh@PS-Inspire[00m:[01;34mlearning-git-github[00m$ rm one.txt 
[?2004l[?2004h]0;parthivendra_singh@PS-Inspire: /media/Michi/Obsidian Vault/PS-Inspire/Semester 6/Sem 6 Code Workspace/learning-git-github[01;32mparthivendra_singh@PS-Inspire[00m:[01;34mlearning-git-github[00m$ git status
[?2004lOn branch main
Your branch is ahead of 'origin/main' by 1 commit.
  (use "git push" to publish your local commits)

Changes not staged for commit:
  (use "git add/rm <file>..." to update what will be committed)
  (use "git restore <file>..." to discard changes in working directory)
	[31mdeleted:    one.txt[m

Untracked files:
  (use "git add <file>..." to include in what will be committed)
	[31msession.txt[m

no changes added to commit (use "git add" and/or "git commit -a")
[?2004h]0;parthivendra_singh@PS-Inspire: /media/Michi/Obsidian Vault/PS-Inspire/Semester 6/Sem 6 Code Workspace/learning-git-github[01;32mparthivendra_singh@PS-Inspire[00m:[01;34mlearning-git-github[00m$ gt[Kit o[Kcommit -m "deleted a g[Kfile"
[?2004lOn branch main
Your branch is ahead of 'origin/main' by 1 commit.
  (use "git push" to publish your local commits)

Changes not staged for commit:
  (use "git add/rm <file>..." to update what will be committed)
  (use "git restore <file>..." to discard changes in working directory)
	[31mdeleted:    one.txt[m

Untracked files:
  (use "git add <file>..." to include in what will be committed)
	[31msession.txt[m

no changes added to commit (use "git add" and/or "git commit -a")
[?2004h]0;parthivendra_singh@PS-Inspire: /media/Michi/Obsidian Vault/PS-Inspire/Semester 6/Sem 6 Code Workspace/learning-git-github[01;32mparthivendra_singh@PS-Inspire[00m:[01;34mlearning-git-github[00m$ git add. .
[?2004l[?2004h]0;parthivendra_singh@PS-Inspire: /media/Michi/Obsidian Vault/PS-Inspire/Semester 6/Sem 6 Code Workspace/learning-git-github[01;32mparthivendra_singh@PS-Inspire[00m:[01;34mlearning-git-github[00m$ git add .commit -m "deleted a file"add .[K[Kgit status
[?2004lOn branch main
Your branch is ahead of 'origin/main' by 1 commit.
  (use "git push" to publish your local commits)

Changes to be committed:
  (use "git restore --staged <file>..." to unstage)
	[32mdeleted:    one.txt[m
	[32mnew file:   session.txt[m

[?2004h]0;parthivendra_singh@PS-Inspire: /media/Michi/Obsidian Vault/PS-Inspire/Semester 6/Sem 6 Code Workspace/learning-git-github[01;32mparthivendra_singh@PS-Inspire[00m:[01;34mlearning-git-github[00m$ git rm four.txt 
[?2004lrm 'four.txt'
[?2004h]0;parthivendra_singh@PS-Inspire: /media/Michi/Obsidian Vault/PS-Inspire/Semester 6/Sem 6 Code Workspace/learning-git-github[01;32mparthivendra_singh@PS-Inspire[00m:[01;34mlearning-git-github[00m$ git rm four.txt [6Pstatus
[?2004lOn branch main
Your branch is ahead of 'origin/main' by 1 commit.
  (use "git push" to publish your local commits)

Changes to be committed:
  (use "git restore --staged <file>..." to unstage)
	[32mdeleted:    four.txt[m
	[32mdeleted:    one.txt[m
	[32mnew file:   session.txt[m

[?2004h]0;parthivendra_singh@PS-Inspire: /media/Michi/Obsidian Vault/PS-Inspire/Semester 6/Sem 6 Code Workspace/learning-git-github[01;32mparthivendra_singh@PS-Inspire[00m:[01;34mlearning-git-github[00m$ ls
[?2004l[0m[01;34mmyFolder[0m  [01;32mnew-file-made-locally.txt[0m  [01;32msession.txt[0m
[?2004h]0;parthivendra_singh@PS-Inspire: /media/Michi/Obsidian Vault/PS-Inspire/Semester 6/Sem 6 Code Workspace/learning-git-github[01;32mparthivendra_singh@PS-Inspire[00m:[01;34mlearning-git-github[00m$ lsgit statusrm four.txt [6Pstatusls[K[Kgit reset
[?2004lUnstaged changes after reset:
D	four.txt
D	one.txt
[?2004h]0;parthivendra_singh@PS-Inspire: /media/Michi/Obsidian Vault/PS-Inspire/Semester 6/Sem 6 Code Workspace/learning-git-github[01;32mparthivendra_singh@PS-Inspire[00m:[01;34mlearning-git-github[00m$ ls
[?2004l[0m[01;34mmyFolder[0m  [01;32mnew-file-made-locally.txt[0m  [01;32msession.txt[0m
[?2004h]0;parthivendra_singh@PS-Inspire: /media/Michi/Obsidian Vault/PS-Inspire/Semester 6/Sem 6 Code Workspace/learning-git-github[01;32mparthivendra_singh@PS-Inspire[00m:[01;34mlearning-git-github[00m$ ls myFolder/
[?2004l[0m[01;32mthree.txt[0m
[?2004h]0;parthivendra_singh@PS-Inspire: /media/Michi/Obsidian Vault/PS-Inspire/Semester 6/Sem 6 Code Workspace/learning-git-github[01;32mparthivendra_singh@PS-Inspire[00m:[01;34mlearning-git-github[00m$ git status
[?2004lOn branch main
Your branch is ahead of 'origin/main' by 1 commit.
  (use "git push" to publish your local commits)

Changes not staged for commit:
  (use "git add/rm <file>..." to update what will be committed)
  (use "git restore <file>..." to discard changes in working directory)
	[31mdeleted:    four.txt[m
	[31mdeleted:    one.txt[m

Untracked files:
  (use "git add <file>..." to include in what will be committed)
	[31msession.txt[m

no changes added to commit (use "git add" and/or "git commit -a")
[?2004h]0;parthivendra_singh@PS-Inspire: /media/Michi/Obsidian Vault/PS-Inspire/Semester 6/Sem 6 Code Workspace/learning-git-github[01;32mparthivendra_singh@PS-Inspire[00m:[01;34mlearning-git-github[00m$ eh[Kh[Kcho "ys[K[Kusing reset ib[K[Konly the changes a[Kcome bac k to[K[Knto[K[Kot the changed/deteled fie[Kles"
[?2004lusing reset only the changes come back not the changed/deteled files
[?2004h]0;parthivendra_singh@PS-Inspire: /media/Michi/Obsidian Vault/PS-Inspire/Semester 6/Sem 6 Code Workspace/learning-git-github[01;32mparthivendra_singh@PS-Inspire[00m:[01;34mlearning-git-github[00m$ echo "using reset only the changes come back not the changed/deteled files"[A]0;parthivendra_singh@PS-Inspire: /media/Michi/Obsidian Vault/PS-Inspire/Semester 6/Sem 6 Code Workspace/learning-git-github[01;32mparthivendra_singh@PS-Inspire[00m:[01;34mlearning-git-github[00m$ git status[K
[K[A[C[C[C[C[C[C[C[C[C[C[C[C[C[C[C[C[C[C[C[C[C[C[C[C[C[C[C[C[C[C[C[C[C[C[C[C[C[C[C[C[C[C[C[C[C[C[C[C[C[C[C[C[C[C[C[C[C[C[C[C[Cls myFolder/[Kgit reset --hard
[?2004lHEAD is now at 6960cd3 Made some changes to the files
[?2004h]0;parthivendra_singh@PS-Inspire: /media/Michi/Obsidian Vault/PS-Inspire/Semester 6/Sem 6 Code Workspace/learning-git-github[01;32mparthivendra_singh@PS-Inspire[00m:[01;34mlearning-git-github[00m$ git reset --hardecho "using reset only the changes come back not the changed/deteled files"[A]0;parthivendra_singh@PS-Inspire: /media/Michi/Obsidian Vault/PS-Inspire/Semester 6/Sem 6 Code Workspace/learning-git-github[01;32mparthivendra_singh@PS-Inspire[00m:[01;34mlearning-git-github[00m$ git status[K
[K[A[C[C[C[C[C[C[C[C[C[C[C[C[C[C[C[C[C[C[C[C[C[C[C[C[C[C[C[C[C[C[C[C[C[C[C[C[C[C[C[C[C[C[C[C[C[C[C[C[C[C[C[C[C[C[C[C[C[C[C[C[C
[?2004lOn branch main
Your branch is ahead of 'origin/main' by 1 commit.
  (use "git push" to publish your local commits)

Untracked files:
  (use "git add <file>..." to include in what will be committed)
	[31msession.txt[m

nothing added to commit but untracked files present (use "git add" to track)
[?2004h]0;parthivendra_singh@PS-Inspire: /media/Michi/Obsidian Vault/PS-Inspire/Semester 6/Sem 6 Code Workspace/learning-git-github[01;32mparthivendra_singh@PS-Inspire[00m:[01;34mlearning-git-github[00m$ ls
[?2004l[0m[01;32mfour.txt[0m  [01;34mmyFolder[0m  [01;32mnew-file-made-locally.txt[0m  [01;32mone.txt[0m  [01;32msession.txt[0m
[?2004h]0;parthivendra_singh@PS-Inspire: /media/Michi/Obsidian Vault/PS-Inspire/Semester 6/Sem 6 Code Workspace/learning-git-github[01;32mparthivendra_singh@PS-Inspire[00m:[01;34mlearning-git-github[00m$ echo "Changed text" > 4[Kfour.txt 
[?2004l[?2004h]0;parthivendra_singh@PS-Inspire: /media/Michi/Obsidian Vault/PS-Inspire/Semester 6/Sem 6 Code Workspace/learning-git-github[01;32mparthivendra_singh@PS-Inspire[00m:[01;34mlearning-git-github[00m$ gir [K[Kt rm four.txt 
[?2004lerror: the following file has local modifications:
    four.txt
(use --cached to keep the file, or -f to force removal)
[?2004h]0;parthivendra_singh@PS-Inspire: /media/Michi/Obsidian Vault/PS-Inspire/Semester 6/Sem 6 Code Workspace/learning-git-github[01;32mparthivendra_singh@PS-Inspire[00m:[01;34mlearning-git-github[00m$ echo "locallt[Ky modified files[K/f[K[Ks/foll[Kders cannot  be deleted via git [K without comitting them.[K\[K"
[?2004llocally modified files/folders cannot be deleted via git without comitting them
[?2004h]0;parthivendra_singh@PS-Inspire: /media/Michi/Obsidian Vault/PS-Inspire/Semester 6/Sem 6 Code Workspace/learning-git-github[01;32mparthivendra_singh@PS-Inspire[00m:[01;34mlearning-git-github[00m$ echo "locally modified files/folders cannot be deleted via git without comitting them"[A]0;parthivendra_singh@PS-Inspire: /media/Michi/Obsidian Vault/PS-Inspire/Semester 6/Sem 6 Code Workspace/learning-git-github[01;32mparthivendra_singh@PS-Inspire[00m:[01;34mlearning-git-github[00m$ [27Pgit rm four.txt 
[K[A[C[C[C[C[C[C[C[C[C[C[C[C[C[C[C[C[C[C[C[C[C[C[C[C[C[C[C[C[C[C[C[C[C[C[C[C[C[C[C[C[C[C[C[C[C[C[C[C[C[C[C[C[C[C[C[C[C[C[C[C[C[C[C[C[C[C[C[1@-[C[1@f[1@ 
[?2004lrm 'four.txt'
[?2004h]0;parthivendra_singh@PS-Inspire: /media/Michi/Obsidian Vault/PS-Inspire/Semester 6/Sem 6 Code Workspace/learning-git-github[01;32mparthivendra_singh@PS-Inspire[00m:[01;34mlearning-git-github[00m$ ls
[?2004l[0m[01;34mmyFolder[0m  [01;32mnew-file-made-locally.txt[0m  [01;32mone.txt[0m  [01;32msession.txt[0m
[?2004h]0;parthivendra_singh@PS-Inspire: /media/Michi/Obsidian Vault/PS-Inspire/Semester 6/Sem 6 Code Workspace/learning-git-github[01;32mparthivendra_singh@PS-Inspire[00m:[01;34mlearning-git-github[00m$ git reset -h-[K[K-hard
[?2004lHEAD is now at 6960cd3 Made some changes to the files
[?2004h]0;parthivendra_singh@PS-Inspire: /media/Michi/Obsidian Vault/PS-Inspire/Semester 6/Sem 6 Code Workspace/learning-git-github[01;32mparthivendra_singh@PS-Inspire[00m:[01;34mlearning-git-github[00m$ ls
[?2004l[0m[01;32mfour.txt[0m  [01;34mmyFolder[0m  [01;32mnew-file-made-locally.txt[0m  [01;32mone.txt[0m  [01;32msession.txt[0m
[?2004h]0;parthivendra_singh@PS-Inspire: /media/Michi/Obsidian Vault/PS-Inspire/Semester 6/Sem 6 Code Workspace/learning-git-github[01;32mparthivendra_singh@PS-Inspire[00m:[01;34mlearning-git-github[00m$ cat four.txt 
[?2004l4
[?2004h]0;parthivendra_singh@PS-Inspire: /media/Michi/Obsidian Vault/PS-Inspire/Semester 6/Sem 6 Code Workspace/learning-git-github[01;32mparthivendra_singh@PS-Inspire[00m:[01;34mlearning-git-github[00m$ echo [K[K[K[K[Kecho "hello" fo[K[K> four.txt 
[?2004l[?2004h]0;